// Jest Snapshot v1, https://goo.gl/fbAQLP

exports[`about page renders correctly 1`] = `null`;
